### Step 2A

/Users/bethanysketchley

### Step 2B
Bethanys-Macbook-Pro:~ bethanysketchley$ cd Desktop


### Step 2C
bethanysketchley$ cd unit-1-git-practice-copy

### Step 2D
/Users/bethanysketchley/cd 

### Step 2E
unit-1-git-practice-copy bethanysketchley$ ls

### Step 2F
my-steps.txt

### Step 2G
cd ~

### Step 2H

bethanysketchley$ cd /Users/bethanysketchley

### Step 2I

bethanysketchley$ ls 


### Step 2K

bethanysketchley$ cd Desktop/unit-1-git-practice-copy

### Step 3A
bethanysketchley$ mkdir folder
bethanysketchley$ mkdir -p veggies/meats/desserts


### Step 3B
bethanysketchley$ mv desserts sweets


###Step 3C
bethanysketchley$ mkdir -p protein

### Step 3D
bethanysketchley$ mv meats protein


### Step 3E
bethanysketchley$ cd veggies
bethanysketchley$ touch carrot.txt pea.txt


### Step 3F
bethanysketchley$ cd .. unit-1-git-practice-copy
bethantsketchley$ cd sweets

bethanysketchley$ touch cookie.txt

### Step 3G
bethanysketchley$ mv cookie.txt donut.txt

### Step 3H
bethanysketchley$ cd .. unit-1-git-practice-copy
bethanysketchley$ touch thing.txt

### Step 3I
bethanysketchley$ cp thing.txt tofu.txt

### Step 3J
 bethanysketchley$ mv tofu.txt proteins 

### Step 3K
proteins bethanysketchley$ mv crab.txt meats

### Step 3L
proteins bethanysketchley$ cd .. unit-1-git-practice-copy
unit-1-git-practice-copy bethanysketchley$ rm thing.txt

### Step 3M
unit-1-git-practice-copy bethanysketchley$ cp -r veggies plants

### Step 3N
unit-1-git-practice-copy bethanysketchley$ mkdir drinks 
unit-1-git-practice-copy bethanysketchley$ rm -r drinks

### Step 4
Bethanys-Macbook-Pro:unit-1-git-practice-copy bethanysketchley$ git commit -m 'first commit'
[main (root-commit) fb55a52] first commit
 14 files changed, 101 insertions(+)
 create mode 100644 .DS_Store
 create mode 100644 my-steps.txt
 create mode 100644 plants/.DS_Store
 create mode 100644 plants/carrot.txt
 create mode 100644 plants/pea.txt
 create mode 100644 proteins/.DS_Store
 create mode 100644 proteins/meats/.DS_Store
 create mode 100644 proteins/meats/crab.txt
 create mode 100644 proteins/tofu.txt
 create mode 100644 sweets/.DS_Store
 create mode 100644 sweets/donut.txt
 create mode 100644 veggies/.DS_Store
 create mode 100644 veggies/carrot.txt

### Step 5
git remote add origin https://github.com/unit-1-git-practice-copy.git
git branch -M main 
git push -u origin main

Enumerating objects: 10, done
Counting objects: 100% (10/10), done.
Delta compression using up to 4 threads 
Compressing objects: 100% (7/7), done.
Writing objects: 100% (10/10), 1.18 KiB | 301.00 KiB/s, done. 
Total 10 (delta 1), reused 0 (delta 0)
remote: Resolving deltas: 100% (1/1), done. 
To https://github.com/bethanysketchley/unit-1-git-practice-copy?tab=readme-ov-file#deliverable-one-
* [new branch] 		main -> main
Branch 'main' set up to track remote branch 'main' from 'origin'. 

### Step 6
Bethanys-Macbook-Pro:unit-1-git-practice-copy bethanysketchley$ git add .
Bethanys-Macbook-Pro:unit-1-git-practice-copy bethanysketchley$ git commit -m 'starting a menu'
[main 726214f] starting a menu
 2 files changed, 14 insertions(+), 1 deletion(-)
 create mode 100644 menu.txt
Bethanys-Macbook-Pro:unit-1-git-practice-copy bethanysketchley$ git push
Enumerating objects: 6, done.
Counting objects: 100% (6/6), done.
Delta compression using up to 4 threads
Compressing objects: 100% (3/3), done.
Writing objects: 100% (4/4), 701 bytes | 701.00 KiB/s, done.
Total 4 (delta 2), reused 0 (delta 0), pack-reused 0
remote: Resolving deltas: 100% (2/2), completed with 2 local objects.
To https://github.com/bethanysketchley/unit-1-git-practice-copy.git
   0538f3a..726214f  main -> main
Bethanys-Macbook-Pro:unit-1-git-practice-copy bethanysketchley$ 

### Step 7
*** DO NOT RECORD STEP 7 ***